<html>
<body>
<pre>
<h1>µVision Build Log</h1>
<h2>Project:</h2>
F:\github_projects\max_ii_cpld_sdram_tft_driver\CPLD_SDRAM_TFT_MICRO\STM32F103RCT6_CPLD_TFT_GPIO\Project\STM32F10x_StdPeriph_Template\MDK-ARM\Project.uvproj
Project File Date:  09/05/2019

<h2>Output:</h2>
Build target 'STM3210B-EVAL'
assembling startup_stm32f10x_md.s...
compiling core_cm3.c...
compiling system_stm32f10x.c...
compiling stm32f10x_rcc.c...
compiling stm32f10x_gpio.c...
compiling misc.c...
compiling stm32f10x_exti.c...
compiling stm32f10x_spi.c...
compiling stm32f10x_fsmc.c...
compiling stm32f10x_usart.c...
compiling stm32f10x_sdio.c...
compiling stm32f10x_dma.c...
compiling stm32f10x_i2c.c...
compiling stm32f10x_adc.c...
compiling stm32f10x_bkp.c...
compiling stm32f10x_can.c...
compiling stm32f10x_cec.c...
compiling stm32f10x_crc.c...
compiling stm32f10x_dac.c...
compiling stm32f10x_dbgmcu.c...
compiling stm32f10x_flash.c...
compiling stm32f10x_iwdg.c...
compiling stm32f10x_pwr.c...
compiling stm32f10x_rtc.c...
compiling stm32f10x_tim.c...
compiling stm32f10x_wwdg.c...
compiling main.c...
compiling delay.c...
compiling cpld_tft.c...
compiling stm32f10x_it.c...
linking...
Program Size: Code=2488 RO-data=268 RW-data=44 ZI-data=1028  
FromELF: creating hex file...
".\STM3210B-EVAL\STM3210B-EVAL.axf" - 0 Error(s), 0 Warning(s).
Clean started: Project: 'Project'
   deleting intermediate output files for target 'STM32100E-EVAL'
   deleting intermediate output files for target 'STM3210E-EVAL_XL'
   deleting intermediate output files for target 'STM32100B-EVAL'
   deleting intermediate output files for target 'STM3210C-EVAL'
   deleting intermediate output files for target 'STM3210E-EVAL'
   deleting intermediate output files for target 'STM3210B-EVAL'
</pre>
</body>
</html>
